// Jest Snapshot v1, https://goo.gl/fbAQLP

exports[`O componente de item do Filter, o snapshot do componente deve permanecer sempre o mesmo 1`] = `
<li
  class="sc-bdnxRM hIFmCO"
>
  <span
    class="sc-gtsrHT bAmSmd"
  />
  <img
    class="sc-dlnjwi ckhPXh"
    src="filter.svg"
  />
</li>
`;

exports[`O componente de item do produto, o snapshot do componente deve permanecer sempre o mesmo 1`] = `
<li
  class="sc-bdnxRM hIFmCO"
>
  <span
    class="sc-gtsrHT bAmSmd"
  />
  <img
    class="sc-dlnjwi ckhPXh"
    src="filter.svg"
  />
</li>
`;
